// Jest Snapshot v1, https://goo.gl/fbAQLP

exports[`BadgeStyle Component should render five candicates 1`] = `"<fieldset class="MuiFormControl-root"><legend class="MuiFormLabel-root">Style</legend><div class="MuiFormGroup-root" role="radiogroup" aria-label="style" style="margin-top: 8px;"><label class="MuiFormControlLabel-root"><span class="MuiButtonBase-root MuiIconButton-root PrivateSwitchBase-root-1 MuiRadio-root MuiRadio-colorPrimary MuiIconButton-colorPrimary" aria-disabled="false"><span class="MuiIconButton-label"><input class="PrivateSwitchBase-input-4" name="style" type="radio" value="plastic"><div class="PrivateRadioButtonIcon-root-5"><svg class="MuiSvgIcon-root" focusable="false" viewBox="0 0 24 24" aria-hidden="true"><path d="M12 2C6.48 2 2 6.48 2 12s4.48 10 10 10 10-4.48 10-10S17.52 2 12 2zm0 18c-4.42 0-8-3.58-8-8s3.58-8 8-8 8 3.58 8 8-3.58 8-8 8z"></path></svg><svg class="MuiSvgIcon-root PrivateRadioButtonIcon-layer-6" focusable="false" viewBox="0 0 24 24" aria-hidden="true"><path d="M8.465 8.465C9.37 7.56 10.62 7 12 7C14.76 7 17 9.24 17 12C17 13.38 16.44 14.63 15.535 15.535C14.63 16.44 13.38 17 12 17C9.24 17 7 14.76 7 12C7 10.62 7.56 9.37 8.465 8.465Z"></path></svg></div></span><span class="MuiTouchRipple-root"></span></span><span class="MuiTypography-root MuiFormControlLabel-label MuiTypography-body1"><img src="style-plastic.svg" alt="badge style &quot;plastic&quot;" width="99px" height="18px"></span></label><label class="MuiFormControlLabel-root"><span class="MuiButtonBase-root MuiIconButton-root PrivateSwitchBase-root-1 MuiRadio-root MuiRadio-colorPrimary MuiIconButton-colorPrimary" aria-disabled="false"><span class="MuiIconButton-label"><input class="PrivateSwitchBase-input-4" name="style" type="radio" value="flat"><div class="PrivateRadioButtonIcon-root-5"><svg class="MuiSvgIcon-root" focusable="false" viewBox="0 0 24 24" aria-hidden="true"><path d="M12 2C6.48 2 2 6.48 2 12s4.48 10 10 10 10-4.48 10-10S17.52 2 12 2zm0 18c-4.42 0-8-3.58-8-8s3.58-8 8-8 8 3.58 8 8-3.58 8-8 8z"></path></svg><svg class="MuiSvgIcon-root PrivateRadioButtonIcon-layer-6" focusable="false" viewBox="0 0 24 24" aria-hidden="true"><path d="M8.465 8.465C9.37 7.56 10.62 7 12 7C14.76 7 17 9.24 17 12C17 13.38 16.44 14.63 15.535 15.535C14.63 16.44 13.38 17 12 17C9.24 17 7 14.76 7 12C7 10.62 7.56 9.37 8.465 8.465Z"></path></svg></div></span><span class="MuiTouchRipple-root"></span></span><span class="MuiTypography-root MuiFormControlLabel-label MuiTypography-body1"><img src="style-flat.svg" alt="badge style &quot;flat&quot;" width="81px" height="20px"></span></label><label class="MuiFormControlLabel-root"><span class="MuiButtonBase-root MuiIconButton-root PrivateSwitchBase-root-1 MuiRadio-root MuiRadio-colorPrimary MuiIconButton-colorPrimary" aria-disabled="false"><span class="MuiIconButton-label"><input class="PrivateSwitchBase-input-4" name="style" type="radio" value="flat-square"><div class="PrivateRadioButtonIcon-root-5"><svg class="MuiSvgIcon-root" focusable="false" viewBox="0 0 24 24" aria-hidden="true"><path d="M12 2C6.48 2 2 6.48 2 12s4.48 10 10 10 10-4.48 10-10S17.52 2 12 2zm0 18c-4.42 0-8-3.58-8-8s3.58-8 8-8 8 3.58 8 8-3.58 8-8 8z"></path></svg><svg class="MuiSvgIcon-root PrivateRadioButtonIcon-layer-6" focusable="false" viewBox="0 0 24 24" aria-hidden="true"><path d="M8.465 8.465C9.37 7.56 10.62 7 12 7C14.76 7 17 9.24 17 12C17 13.38 16.44 14.63 15.535 15.535C14.63 16.44 13.38 17 12 17C9.24 17 7 14.76 7 12C7 10.62 7.56 9.37 8.465 8.465Z"></path></svg></div></span><span class="MuiTouchRipple-root"></span></span><span class="MuiTypography-root MuiFormControlLabel-label MuiTypography-body1"><img src="style-flat-square.svg" alt="badge style &quot;flat square&quot;" width="125px" height="20px"></span></label><label class="MuiFormControlLabel-root"><span class="MuiButtonBase-root MuiIconButton-root PrivateSwitchBase-root-1 MuiRadio-root MuiRadio-colorPrimary PrivateSwitchBase-checked-2 Mui-checked MuiIconButton-colorPrimary" aria-disabled="false"><span class="MuiIconButton-label"><input class="PrivateSwitchBase-input-4" name="style" type="radio" value="for-the-badge" checked=""><div class="PrivateRadioButtonIcon-root-5 PrivateRadioButtonIcon-checked-7"><svg class="MuiSvgIcon-root" focusable="false" viewBox="0 0 24 24" aria-hidden="true"><path d="M12 2C6.48 2 2 6.48 2 12s4.48 10 10 10 10-4.48 10-10S17.52 2 12 2zm0 18c-4.42 0-8-3.58-8-8s3.58-8 8-8 8 3.58 8 8-3.58 8-8 8z"></path></svg><svg class="MuiSvgIcon-root PrivateRadioButtonIcon-layer-6" focusable="false" viewBox="0 0 24 24" aria-hidden="true"><path d="M8.465 8.465C9.37 7.56 10.62 7 12 7C14.76 7 17 9.24 17 12C17 13.38 16.44 14.63 15.535 15.535C14.63 16.44 13.38 17 12 17C9.24 17 7 14.76 7 12C7 10.62 7.56 9.37 8.465 8.465Z"></path></svg></div></span><span class="MuiTouchRipple-root"></span></span><span class="MuiTypography-root MuiFormControlLabel-label MuiTypography-body1"><img src="style-for-the-badge.svg" alt="badge style &quot;for the-badge&quot;" width="210px" height="28px"></span></label><label class="MuiFormControlLabel-root"><span class="MuiButtonBase-root MuiIconButton-root PrivateSwitchBase-root-1 MuiRadio-root MuiRadio-colorPrimary MuiIconButton-colorPrimary" aria-disabled="false"><span class="MuiIconButton-label"><input class="PrivateSwitchBase-input-4" name="style" type="radio" value="social"><div class="PrivateRadioButtonIcon-root-5"><svg class="MuiSvgIcon-root" focusable="false" viewBox="0 0 24 24" aria-hidden="true"><path d="M12 2C6.48 2 2 6.48 2 12s4.48 10 10 10 10-4.48 10-10S17.52 2 12 2zm0 18c-4.42 0-8-3.58-8-8s3.58-8 8-8 8 3.58 8 8-3.58 8-8 8z"></path></svg><svg class="MuiSvgIcon-root PrivateRadioButtonIcon-layer-6" focusable="false" viewBox="0 0 24 24" aria-hidden="true"><path d="M8.465 8.465C9.37 7.56 10.62 7 12 7C14.76 7 17 9.24 17 12C17 13.38 16.44 14.63 15.535 15.535C14.63 16.44 13.38 17 12 17C9.24 17 7 14.76 7 12C7 10.62 7.56 9.37 8.465 8.465Z"></path></svg></div></span><span class="MuiTouchRipple-root"></span></span><span class="MuiTypography-root MuiFormControlLabel-label MuiTypography-body1"><img src="style-social.svg" alt="badge style &quot;social&quot;" width="98px" height="20px"></span></label></div></fieldset>"`;
