// Jest Snapshot v1, https://goo.gl/fbAQLP

exports[`BadgeContent Component snapshot 1`] = `"<fieldset class="MuiFormControl-root"><legend class="MuiFormLabel-root">Content</legend><div class="MuiFormControl-root" style="margin-top: 16px;"><label class="MuiFormLabel-root MuiInputLabel-root MuiInputLabel-formControl MuiInputLabel-animated MuiInputLabel-shrink MuiFormLabel-filled" data-shrink="true" id="badge-content-preset-label">Preset</label><div class="MuiInputBase-root MuiInput-root MuiInput-underline MuiInputBase-formControl MuiInput-formControl"><div class="MuiSelect-root MuiSelect-select MuiSelect-selectMenu MuiInputBase-input MuiInput-input" tabindex="0" role="button" aria-haspopup="listbox" aria-labelledby="badge-content-preset-label badge-content-preset-select" id="badge-content-preset-select">Solved over total</div><input aria-hidden="true" tabindex="-1" class="MuiSelect-nativeInput" value="solved-over-total"><svg class="MuiSvgIcon-root MuiSelect-icon" focusable="false" viewBox="0 0 24 24" aria-hidden="true"><path d="M7 10l5 5 5-5z"></path></svg></div></div><div class="MuiFormControl-root MuiTextField-root" style="margin-top: 24px;"><label class="MuiFormLabel-root MuiInputLabel-root MuiInputLabel-formControl MuiInputLabel-animated MuiInputLabel-shrink Mui-disabled Mui-disabled MuiFormLabel-filled" data-shrink="true" for="badge-label" id="badge-label-label">Label</label><div class="MuiInputBase-root MuiInput-root MuiInput-underline Mui-disabled Mui-disabled MuiInputBase-formControl MuiInput-formControl"><input aria-invalid="false" disabled="" id="badge-label" type="text" class="MuiInputBase-input MuiInput-input Mui-disabled Mui-disabled" value="Solved"></div></div><div class="MuiFormControl-root" style="margin-top: 24px;"><label class="MuiFormLabel-root MuiInputLabel-root MuiInputLabel-formControl MuiInputLabel-animated MuiInputLabel-shrink MuiFormLabel-filled" data-shrink="true" id="badge-value-label">Displayed value</label><div class="MuiInputBase-root MuiInput-root MuiInput-underline Mui-disabled Mui-disabled MuiInputBase-formControl MuiInput-formControl"><div class="MuiSelect-root MuiSelect-select MuiSelect-selectMenu MuiInputBase-input MuiInput-input Mui-disabled Mui-disabled Mui-disabled" role="button" aria-disabled="true" aria-haspopup="listbox" aria-labelledby="badge-value-label badge-value-select" id="badge-value-select">Solved over total</div><input aria-hidden="true" tabindex="-1" class="MuiSelect-nativeInput" value="solved-over-total"><svg class="MuiSvgIcon-root MuiSelect-icon Mui-disabled" focusable="false" viewBox="0 0 24 24" aria-hidden="true"><path d="M7 10l5 5 5-5z"></path></svg></div></div></fieldset>"`;

exports[`BadgeContent Component snapshot 2`] = `"<fieldset class="MuiFormControl-root"><legend class="MuiFormLabel-root">Content</legend><div class="MuiFormControl-root" style="margin-top: 16px;"><label class="MuiFormLabel-root MuiInputLabel-root MuiInputLabel-formControl MuiInputLabel-animated MuiInputLabel-shrink MuiFormLabel-filled" data-shrink="true" id="badge-content-preset-label">Preset</label><div class="MuiInputBase-root MuiInput-root MuiInput-underline MuiInputBase-formControl MuiInput-formControl"><div class="MuiSelect-root MuiSelect-select MuiSelect-selectMenu MuiInputBase-input MuiInput-input" tabindex="0" role="button" aria-haspopup="listbox" aria-labelledby="badge-content-preset-label badge-content-preset-select" id="badge-content-preset-select">Solved over total</div><input aria-hidden="true" tabindex="-1" class="MuiSelect-nativeInput" value="solved-over-total"><svg class="MuiSvgIcon-root MuiSelect-icon" focusable="false" viewBox="0 0 24 24" aria-hidden="true"><path d="M7 10l5 5 5-5z"></path></svg></div></div><div class="MuiFormControl-root MuiTextField-root" style="margin-top: 24px;"><label class="MuiFormLabel-root MuiInputLabel-root MuiInputLabel-formControl MuiInputLabel-animated MuiInputLabel-shrink MuiFormLabel-filled" data-shrink="true" for="badge-label" id="badge-label-label">Label</label><div class="MuiInputBase-root MuiInput-root MuiInput-underline MuiInputBase-formControl MuiInput-formControl"><input aria-invalid="false" id="badge-label" type="text" class="MuiInputBase-input MuiInput-input" value="Solved"></div></div><div class="MuiFormControl-root" style="margin-top: 24px;"><label class="MuiFormLabel-root MuiInputLabel-root MuiInputLabel-formControl MuiInputLabel-animated MuiInputLabel-shrink MuiFormLabel-filled" data-shrink="true" id="badge-value-label">Displayed value</label><div class="MuiInputBase-root MuiInput-root MuiInput-underline MuiInputBase-formControl MuiInput-formControl"><div class="MuiSelect-root MuiSelect-select MuiSelect-selectMenu MuiInputBase-input MuiInput-input" role="button" aria-haspopup="listbox" aria-labelledby="badge-value-label badge-value-select" id="badge-value-select" tabindex="0">Solved over total</div><input aria-hidden="true" tabindex="-1" class="MuiSelect-nativeInput" value="solved-over-total"><svg class="MuiSvgIcon-root MuiSelect-icon" focusable="false" viewBox="0 0 24 24" aria-hidden="true"><path d="M7 10l5 5 5-5z"></path></svg></div></div></fieldset>"`;
